// Jest Snapshot v1, https://goo.gl/fbAQLP

exports[`render icons 1`] = `
<div>
  <span
    className="icon icon-star-full"
  />
  <span
    className="icon icon-spinner"
  />
  <span
    className="icon icon-search"
  />
  <span
    className="icon icon-share2"
  />
  <span
    className="icon icon-arrow-right2"
  />
  <span
    className="icon icon-arrow-left2"
  />
  <span
    className="icon icon-list2"
  />
  <span
    className="icon icon-tree"
  />
  <span
    className="icon icon-arrow-left2"
  />
  <span
    className="icon icon-cancel-circle"
  />
</div>
`;
